# sapdb-srv
bin/backint;depend/bin/backint
bin/dbmcli;depend/bin/dbmcli
bin/loadercli;depend/bin/loadercli
bin/op2np;depend/bin/op2np
bin/pipe2file;depend/bin/pipe2file
bin/ps_all;depend/bin/ps_all
bin/repmcli;depend/bin/repmcli
bin/sqlver;depend/bin/sqlver
bin/x_diagnose;depend/bin/x_diagnose
bin/x_ping;depend/bin/x_ping
bin/x_python;depend/bin/x_python
bin/xdbload;depend/bin/xdbload
bin/xkernprot;depend/bin/xkernprot
bin/xregcomp;depend/bin/xregcomp
bin/xsql;depend/bin/xsql
bin/xtracesort;depend/bin/xtracesort
env/APPS.py;depend/env/APPS.py
env/AS.py;depend/env/AS.py
env/CNR3DATA.py;depend/env/CNR3DATA.py
env/CNR3TAB.py;depend/env/CNR3TAB.py
env/DBMVIEWS.py;depend/env/DBMVIEWS.py
env/GARBAGE.py;depend/env/GARBAGE.py
env/INFO.py;depend/env/INFO.py
env/ODBC.py;depend/env/ODBC.py
env/ORADD.py;depend/env/ORADD.py
env/ORADDCOM.py;depend/env/ORADDCOM.py
env/ORADDSYN.py;depend/env/ORADDSYN.py
env/ORADDV.py;depend/env/ORADDV.py
env/PRECOM.py;depend/env/PRECOM.py
env/QP.py;depend/env/QP.py
env/SAPDBLOADER.py;depend/env/SAPDBLOADER.py
env/SHOWCMD.py;depend/env/SHOWCMD.py
env/SYSDBA.py;depend/env/SYSDBA.py
env/WA.py;depend/env/WA.py
env/WEBDAV.py;depend/env/WEBDAV.py
env/XDD.py;depend/env/XDD.py
env/XDDCOM.py;depend/env/XDDCOM.py
env/cserv.pcf;depend/env/cserv.pcf
env/dbanalyzer74.cfg;depend/env/dbanalyzer74.cfg
env/de/ODBCM.de;depend/env/de/ODBCM.de
env/de/PRECOMM.de;depend/env/de/PRECOMM.de
env/de/SQLM.de;depend/env/de/SQLM.de
env/de/SQLMESS.de;depend/env/de/SQLMESS.de
env/en/DBM.en;depend/env/en/DBM.en
env/en/ODBCM.en;depend/env/en/ODBCM.en
env/en/PRECOMM;depend/env/en/PRECOMM
env/en/SQLM.en;depend/env/en/SQLM.en
env/en/SQLMESS.en;depend/env/en/SQLMESS.en
env/general.use;depend/env/general.use
env/installib.py;depend/env/installib.py
env/kernprot.use;depend/env/kernprot.use
env/lapps.py;depend/env/lapps.py
env/lsystab.py;depend/env/lsystab.py
env/regcomp.use;depend/env/regcomp.use
env/repmanEx.py;depend/env/repmanEx.py
etc/VERSIONS;depend/etc/VERSIONS
lib/ContentStorage.so;depend/lib/ContentStorage.so
lib/lib64/ContentStorage.so;depend/lib/lib64/ContentStorage.so
lib/dbpinstall.so;depend/lib/dbpinstall.so
lib/lib64/dbpinstall.so;depend/lib/lib64/dbpinstall.so
lib/liboms.so;depend/lib/liboms.so
lib/lib64/liboms.so;depend/lib/lib64/liboms.so
lib/python1.5/UserDict.py;depend/lib/python1.5/UserDict.py
lib/python1.5/UserList.py;depend/lib/python1.5/UserList.py
lib/python1.5/cmd.py;depend/lib/python1.5/cmd.py
lib/python1.5/copy_reg.py;depend/lib/python1.5/copy_reg.py
lib/python1.5/fnmatch.py;depend/lib/python1.5/fnmatch.py
lib/python1.5/glob.py;depend/lib/python1.5/glob.py
lib/python1.5/lib-dynload/dummy.py;depend/lib/python1.5/lib-dynload/dummy.py
lib/python1.5/linecache.py;depend/lib/python1.5/linecache.py
lib/python1.5/ntpath.py;depend/lib/python1.5/ntpath.py
lib/python1.5/optlib.py;depend/lib/python1.5/optlib.py
lib/python1.5/os.py;depend/lib/python1.5/os.py
lib/python1.5/posixpath.py;depend/lib/python1.5/posixpath.py
lib/python1.5/re.py;depend/lib/python1.5/re.py
lib/python1.5/site.py;depend/lib/python1.5/site.py
lib/python1.5/sre.py;depend/lib/python1.5/sre.py
lib/python1.5/sre_compile.py;depend/lib/python1.5/sre_compile.py
lib/python1.5/sre_constants.py;depend/lib/python1.5/sre_constants.py
lib/python1.5/sre_parse.py;depend/lib/python1.5/sre_parse.py
lib/python1.5/stat.py;depend/lib/python1.5/stat.py
lib/python1.5/string.py;depend/lib/python1.5/string.py
lib/python1.5/tempfile.py;depend/lib/python1.5/tempfile.py
lib/python1.5/traceback.py;depend/lib/python1.5/traceback.py
lib/python1.5/types.py;depend/lib/python1.5/types.py
lib/python1.5/__future.py__.py;depend/lib/python1.5/__future.py__.py
misc/bgrep;depend/misc/bgrep
misc/dbm.py;depend/misc/dbm.py
misc/get_page;depend/misc/get_page
misc/loader.py;depend/misc/loader.py
misc/patchb;depend/misc/patchb
misc/pchtab;depend/misc/pchtab
misc/puclst;depend/misc/puclst
misc/repman.py;depend/misc/repman.py
misc/sapdb/__init__.py;depend/misc/sapdb/__init__.py
misc/sapdb/dbapi.py;depend/misc/sapdb/dbapi.py
misc/sapdb/dbm.py;depend/misc/sapdb/dbm.py
misc/sapdb/loader.py;depend/misc/sapdb/loader.py
misc/sapdb/pythondef/__init__.py;depend/misc/sapdb/pythondef/__init__.py
misc/sapdb/pythondef/dbmmodule.so;depend/misc/sapdb/pythondef/dbmmodule.so
misc/sapdb/pythondef/loadermodule.so;depend/misc/sapdb/pythondef/loadermodule.so
misc/sapdb/pythondef/sqlmodule.so;depend/misc/sapdb/pythondef/sqlmodule.so
misc/sapdb/sql.py;depend/misc/sapdb/sql.py
misc/sapdbapi.py;depend/misc/sapdbapi.py
misc/updcol;depend/misc/updcol
misc/x_watch;depend/misc/x_watch
#runtime/jar/sapdbc.jar;depend/misc/sapdbc.jar
pgm/console;depend/pgm/console
pgm/dbmext;depend/pgm/dbmext
#pgm/dbmrfc;depend/pgm/dbmrfc
pgm/dbmsrv;depend/pgm/dbmsrv
pgm/diagnose;depend/pgm/diagnose
pgm/dumpcomreg;depend/pgm/dumpcomreg
pgm/kernel;depend/pgm/kernel
pgm/lserver;depend/pgm/lserver
pgm/pu;depend/pgm/pu
pgm/python;depend/pgm/python
pgm/regcomp;depend/pgm/regcomp
pgm/slowknl;depend/pgm/slowknl
pgm/sqlfilter;depend/pgm/sqlfilter
pgm/sysrc;depend/pgm/sysrc
pgm/tracesort;depend/pgm/tracesort
sap/dbparams;depend/sap/dbparams
sap/dbparm.sql;depend/sap/dbparm.sql
sap/dbtimes;depend/sap/dbtimes
sap/dbtimes.sql;depend/sap/dbtimes.sql
sap/grantxdb.dbm;depend/sap/grantxdb.dbm
sap/updcol;depend/sap/updcol
#
# sapdb-precompiler
bin/cpc;interfaces/precompiler/bin/cpc
bin/cpclnk;interfaces/precompiler/bin/cpclnk
bin/irtrace;interfaces/precompiler/bin/irtrace
bin/sqlver;interfaces/precompiler/bin/sqlver
bin/sqlwhat;interfaces/precompiler/bin/sqlwhat
runtime/7403/lib/libpcr.so;interfaces/precompiler/runtime/7403/lib/libpcr.so
runtime/7403/lib/lib64/libpcr.so;interfaces/precompiler/runtime/7403/lib/lib64/libpcr.so
sdk/7403/bin/sqllist;interfaces/precompiler/sdk/7403/bin/sqllist
sdk/7403/env/precopt.hlf;interfaces/precompiler/sdk/7403/env/precopt.hlf
sdk/7403/incl/abaphndl.h;interfaces/precompiler/sdk/7403/incl/abaphndl.h
sdk/7403/incl/cpc.h;interfaces/precompiler/sdk/7403/incl/cpc.h
sdk/7403/incl/lcstream.h;interfaces/precompiler/sdk/7403/incl/lcstream.h
sdk/7403/incl/livecachetypes.h;interfaces/precompiler/sdk/7403/incl/livecachetypes.h
sdk/7403/incl/sqlca.h;interfaces/precompiler/sdk/7403/incl/sqlca.h
sdk/7403/incl/sqlda.h;interfaces/precompiler/sdk/7403/incl/sqlda.h
sdk/7403/incl/sqlinfo.h;interfaces/precompiler/sdk/7403/incl/sqlinfo.h
sdk/7403/lib/libpcr.a;interfaces/precompiler/sdk/7403/lib/libpcr.a
sdk/7403/lib/lib64/libpcr.a;interfaces/precompiler/sdk/7403/lib/lib64/libpcr.a
sdk/7403/lib/libpcrl.a;interfaces/precompiler/sdk/7403/lib/libpcrl.a
sdk/7403/lib/lib64/libpcrl.a;interfaces/precompiler/sdk/7403/lib/lib64/libpcrl.a
sdk/7403/lib/libpcrs.a;interfaces/precompiler/sdk/7403/lib/libpcrs.a
sdk/7403/lib/lib64/libpcrs.a;interfaces/precompiler/sdk/7403/lib/lib64/libpcrs.a
sdk/7403/lib/libsqlca.a;interfaces/precompiler/sdk/7403/lib/libsqlca.a
sdk/7403/lib/lib64/libsqlca.a;interfaces/precompiler/sdk/7403/lib/lib64/libsqlca.a
sdk/7403/pgm/pc3;interfaces/precompiler/sdk/7403/pgm/pc3
#
# sapdb-callif
runtime/jar/sapdbc.jar;interfaces/jdbc/misc/sapdbc.jar
env/de/ODBCM.de;interfaces/odbc/env/de/ODBCM.de
env/en/ODBCM.en;interfaces/odbc/env/en/ODBCM.en
incl/WINDOWS.H;interfaces/odbc/incl/WINDOWS.H
incl/sql.h;interfaces/odbc/incl/sql.h
incl/sqlext.h;interfaces/odbc/incl/sqlext.h
incl/sqltypes.h;interfaces/odbc/incl/sqltypes.h
incl/sqlucode.h;interfaces/odbc/incl/sqlucode.h
lib/libodcompr.a;interfaces/odbc/lib/libodcompr.a
lib/lib64/libodcompr.a;interfaces/odbc/lib/lib64/libodcompr.a
lib/libodcompr.so;interfaces/odbc/lib/libodcompr.so
lib/lib64/libodcompr.a;interfaces/odbc/lib/lib64/libodcompr.a
lib/libsqlod.a;interfaces/odbc/lib/libsqlod.a
lib/lib64/libsqlod.a;interfaces/odbc/lib/lib64/libsqlod.a
lib/libsqlod.so;interfaces/odbc/lib/libsqlod.so
lib/lib64/libsqlod.so;interfaces/odbc/lib/lib64/libsqlod.so
lib/libsqlrte.a;interfaces/odbc/lib/libsqlrte.a
lib/lib64/libsqlrte.a;interfaces/odbc/lib/lib64/libsqlrte.a
lib/libsqlrte.so;interfaces/odbc/lib/libsqlrte.so
lib/lib64/libsqlrte.so;interfaces/odbc/lib/lib64/libsqlrte.so
#pgm/odbcreg;interfaces/odbc/pgm/odbcreg
#
# sapdb-scriptif
# python
misc/dbm.py;interfaces/python/misc/dbm.py
misc/loader.py;interfaces/python/misc/loader.py
misc/repman.py;interfaces/python/misc/repman.py
misc/sapdbapi.py;interfaces/python/misc/sapdbapi.py
misc/sapdb/__init__.py;interfaces/python/misc/sapdb/__init__.py
misc/sapdb/dbapi.py;interfaces/python/misc/sapdb/dbapi.py
misc/sapdb/dbm.py;interfaces/python/misc/sapdb/dbm.py
misc/sapdb/loader.py;interfaces/python/misc/sapdb/loader.py
misc/sapdb/sql.py;interfaces/python/misc/sapdb/sql.py
misc/sapdb/pythondef/__init__.py;interfaces/python/misc/sapdb/pythondef/__init__.py
misc/sapdb/pythondef/dbmmodule.so;interfaces/python/misc/sapdb/pythondef/dbmmodule.so
misc/sapdb/pythondef/loadermodule.so;interfaces/python/misc/sapdb/pythondef/loadermodule.so
misc/sapdb/pythondef/sqlmodule.so;interfaces/python/misc/sapdb/pythondef/sqlmodule.so
misc/lib64/sapdb/pythondef/dbmmodule.so;interfaces/python/misc/lib64/sapdb/pythondef/dbmmodule.so
misc/lib64/sapdb/pythondef/loadermodule.so;interfaces/python/misc/lib64/sapdb/pythondef/loadermodule.so
misc/lib64/sapdb/pythondef/sqlmodule.so;interfaces/python/misc/lib64/sapdb/pythondef/sqlmodule.so
#
# sapdb-ind
bin/dbanalyzer;indep_prog/bin/dbanalyzer
bin/dbmcli;indep_prog/bin/dbmcli
bin/dbmgetf;indep_prog/bin/dbmgetf
bin/irconf;indep_prog/bin/irconf
bin/ireport.py;indep_prog/bin/ireport.py
bin/ps_all;indep_prog/bin/ps_all
bin/sdbinfo;indep_prog/bin/sdbinfo
bin/sysmon;indep_prog/bin/sysmon
bin/x_analys;indep_prog/bin/x_analys
bin/x_cons;indep_prog/bin/x_cons
bin/x_maketi;indep_prog/bin/x_maketi
bin/x_niserver;indep_prog/bin/x_niserver
bin/x_server;indep_prog/bin/x_server
bin/x_wiz;indep_prog/bin/x_wiz
bin/x_wizstop;indep_prog/bin/x_wizstop
bin/xsysrc;indep_prog/bin/xsysrc
bin/xuser;indep_prog/bin/xuser
bin/xuserUnicode;indep_prog/bin/xuserUnicode
bin/xvttest;indep_prog/bin/xvttest
env/dbanalyzer.cfg;indep_prog/env/dbanalyzer.cfg
env/dbanalyzer74.cfg;indep_prog/env/dbanalyzer74.cfg
env/vserver.use;indep_prog/env/vserver.use
etc/VERSIONS;indep_prog/etc/VERSIONS
pgm/maketi;indep_prog/pgm/maketi
pgm/niserver;indep_prog/pgm/niserver
pgm/vserver;indep_prog/pgm/vserver
pgm/vttest;indep_prog/pgm/vttest
runtime/7403/lib/libpcr.so;indep_prog/runtime/7403/lib/libpcr.so
runtime/7403/lib/lib64/libpcr.so;indep_prog/runtime/7403/lib/lib64/libpcr.so
terminfo/aixterm-m.ti;indep_prog/terminfo/aixterm-m.ti
terminfo/aixterm.ti;indep_prog/terminfo/aixterm.ti
terminfo/ansi.ti;indep_prog/terminfo/ansi.ti
terminfo/at386.ti;indep_prog/terminfo/at386.ti
terminfo/ba48.ti;indep_prog/terminfo/ba48.ti
terminfo/ba80-08.ti;indep_prog/terminfo/ba80-08.ti
terminfo/dap4x.ti;indep_prog/terminfo/dap4x.ti
terminfo/dec-xterm.ti;indep_prog/terminfo/dec-xterm.ti
terminfo/ibm3151.ti;indep_prog/terminfo/ibm3151.ti
terminfo/sni-xterm.ti;indep_prog/terminfo/sni-xterm.ti
terminfo/sqldbsun.ti;indep_prog/terminfo/sqldbsun.ti
terminfo/sun-cmd.ti;indep_prog/terminfo/sun-cmd.ti
terminfo/uslxterm.ti;indep_prog/terminfo/uslxterm.ti
terminfo/vt100.ti;indep_prog/terminfo/vt100.ti
terminfo/vt100_hp.ti;indep_prog/terminfo/vt100_hp.ti
terminfo/vt100_mbcs.ti;indep_prog/terminfo/vt100_mbcs.ti
terminfo/vt220.ti;indep_prog/terminfo/vt220.ti
terminfo/vt320.ti;indep_prog/terminfo/vt320.ti
terminfo/chrclass/german;indep_prog/terminfo/chrclass/german
terminfo/chrclass/ibm437;indep_prog/terminfo/chrclass/ibm437
terminfo/chrclass/iso8859;indep_prog/terminfo/chrclass/iso8859
terminfo/chrclass/mbcs;indep_prog/terminfo/chrclass/mbcs
terminfo/term/aixterm-m.hif;indep_prog/terminfo/term/aixterm-m.hif
terminfo/term/aixterm.hif;indep_prog/terminfo/term/aixterm.hif
terminfo/term/ansi-col.hif;indep_prog/terminfo/term/ansi-col.hif
terminfo/term/ansi-gra.hif;indep_prog/terminfo/term/ansi-gra.hif
terminfo/term/ansi.hif;indep_prog/terminfo/term/ansi.hif
terminfo/term/at386-col.hif;indep_prog/terminfo/term/at386-col.hif
terminfo/term/at386-gra.hif;indep_prog/terminfo/term/at386-gra.hif
terminfo/term/at386.hif;indep_prog/terminfo/term/at386.hif
terminfo/term/ba48.hif;indep_prog/terminfo/term/ba48.hif
terminfo/term/ba80.hif;indep_prog/terminfo/term/ba80.hif
terminfo/term/dap4x.hif;indep_prog/terminfo/term/dap4x.hif
terminfo/term/dap4xvt100.hif;indep_prog/terminfo/term/dap4xvt100.hif
terminfo/term/dec-xterm.hif;indep_prog/terminfo/term/dec-xterm.hif
terminfo/term/ibm3151.hif;indep_prog/terminfo/term/ibm3151.hif
terminfo/term/sni-xterm.hif;indep_prog/terminfo/term/sni-xterm.hif
terminfo/term/sqldb-ow.hif;indep_prog/terminfo/term/sqldb-ow.hif
terminfo/term/uslxterm.hif;indep_prog/terminfo/term/uslxterm.hif
terminfo/term/vt100.hif;indep_prog/terminfo/term/vt100.hif
terminfo/term/vt100_hp.hif;indep_prog/terminfo/term/vt100_hp.hif
terminfo/term/vt100_mbcs.hif;indep_prog/terminfo/term/vt100_mbcs.hif
terminfo/term/vt220.hif;indep_prog/terminfo/term/vt220.hif
terminfo/term/vt320.hif;indep_prog/terminfo/term/vt320.hif
#
# sapdb-web
Documents/WARoot/HTML/DBMBackup.htm;web/Documents/WARoot/HTML/DBMBackup.htm
Documents/WARoot/HTML/DBMBadDevspaces.htm;web/Documents/WARoot/HTML/DBMBadDevspaces.htm
Documents/WARoot/HTML/DBMCommand.htm;web/Documents/WARoot/HTML/DBMCommand.htm
Documents/WARoot/HTML/DBMDatabases.htm;web/Documents/WARoot/HTML/DBMDatabases.htm
Documents/WARoot/HTML/DBMDevspace.htm;web/Documents/WARoot/HTML/DBMDevspace.htm
Documents/WARoot/HTML/DBMDevspaces.htm;web/Documents/WARoot/HTML/DBMDevspaces.htm
Documents/WARoot/HTML/DBMEmpty.htm;web/Documents/WARoot/HTML/DBMEmpty.htm
Documents/WARoot/HTML/DBMFile.htm;web/Documents/WARoot/HTML/DBMFile.htm
Documents/WARoot/HTML/DBMFiles.htm;web/Documents/WARoot/HTML/DBMFiles.htm
Documents/WARoot/HTML/DBMFrame.htm;web/Documents/WARoot/HTML/DBMFrame.htm
Documents/WARoot/HTML/DBMHeader.htm;web/Documents/WARoot/HTML/DBMHeader.htm
Documents/WARoot/HTML/DBMHistory.htm;web/Documents/WARoot/HTML/DBMHistory.htm
Documents/WARoot/HTML/DBMIndexes.htm;web/Documents/WARoot/HTML/DBMIndexes.htm
Documents/WARoot/HTML/DBMInfoTable.htm;web/Documents/WARoot/HTML/DBMInfoTable.htm
Documents/WARoot/HTML/DBMKernelTrace.htm;web/Documents/WARoot/HTML/DBMKernelTrace.htm
Documents/WARoot/HTML/DBMLogMode.htm;web/Documents/WARoot/HTML/DBMLogMode.htm
Documents/WARoot/HTML/DBMLogoff.htm;web/Documents/WARoot/HTML/DBMLogoff.htm
Documents/WARoot/HTML/DBMLogon.htm;web/Documents/WARoot/HTML/DBMLogon.htm
Documents/WARoot/HTML/DBMMedia.htm;web/Documents/WARoot/HTML/DBMMedia.htm
Documents/WARoot/HTML/DBMMedium.htm;web/Documents/WARoot/HTML/DBMMedium.htm
Documents/WARoot/HTML/DBMMenu.htm;web/Documents/WARoot/HTML/DBMMenu.htm
Documents/WARoot/HTML/DBMMsgBox.htm;web/Documents/WARoot/HTML/DBMMsgBox.htm
Documents/WARoot/HTML/DBMParam.htm;web/Documents/WARoot/HTML/DBMParam.htm
Documents/WARoot/HTML/DBMParams.htm;web/Documents/WARoot/HTML/DBMParams.htm
Documents/WARoot/HTML/DBMParmed.htm;web/Documents/WARoot/HTML/DBMParmed.htm
Documents/WARoot/HTML/DBMRecovery.htm;web/Documents/WARoot/HTML/DBMRecovery.htm
Documents/WARoot/HTML/DBMShow.htm;web/Documents/WARoot/HTML/DBMShow.htm
Documents/WARoot/HTML/DBMShows.htm;web/Documents/WARoot/HTML/DBMShows.htm
Documents/WARoot/HTML/DBMSize.htm;web/Documents/WARoot/HTML/DBMSize.htm
Documents/WARoot/HTML/DBMState.htm;web/Documents/WARoot/HTML/DBMState.htm
Documents/WARoot/HTML/DBMSysTabs.htm;web/Documents/WARoot/HTML/DBMSysTabs.htm
Documents/WARoot/HTML/DBMUpdStat.htm;web/Documents/WARoot/HTML/DBMUpdStat.htm
Documents/WARoot/HTML/DBMUser.htm;web/Documents/WARoot/HTML/DBMUser.htm
Documents/WARoot/HTML/DBMUsers.htm;web/Documents/WARoot/HTML/DBMUsers.htm
Documents/WARoot/HTML/DBMVerify.htm;web/Documents/WARoot/HTML/DBMVerify.htm
Documents/WARoot/HTML/DBMVersion.htm;web/Documents/WARoot/HTML/DBMVersion.htm
Documents/WARoot/HTML/DBMWizMenu.htm;web/Documents/WARoot/HTML/DBMWizMenu.htm
Documents/WARoot/HTML/DBMWizard.htm;web/Documents/WARoot/HTML/DBMWizard.htm
Documents/WARoot/HTML/SAPDBMsgBox.htm;web/Documents/WARoot/HTML/SAPDBMsgBox.htm
Documents/WARoot/HTML/SAPDBSimpleTable.htm;web/Documents/WARoot/HTML/SAPDBSimpleTable.htm
Documents/WARoot/HTML/WADefineNewService.htm;web/Documents/WARoot/HTML/WADefineNewService.htm
Documents/WARoot/HTML/WADefineNewServiceParameter.htm;web/Documents/WARoot/HTML/WADefineNewServiceParameter.htm
Documents/WARoot/HTML/WADefineNewSessionPool.htm;web/Documents/WARoot/HTML/WADefineNewSessionPool.htm
Documents/WARoot/HTML/WAHeader.htm;web/Documents/WARoot/HTML/WAHeader.htm
Documents/WARoot/HTML/WAShowService.htm;web/Documents/WARoot/HTML/WAShowService.htm
Documents/WARoot/HTML/WAShowServiceParametersToDelete.htm;web/Documents/WARoot/HTML/WAShowServiceParametersToDelete.htm
Documents/WARoot/HTML/WAShowServiceToDelete.htm;web/Documents/WARoot/HTML/WAShowServiceToDelete.htm
Documents/WARoot/HTML/WAShowSessionPool.htm;web/Documents/WARoot/HTML/WAShowSessionPool.htm
Documents/WARoot/HTML/WAShowSessionPoolToDelete.htm;web/Documents/WARoot/HTML/WAShowSessionPoolToDelete.htm
Documents/WARoot/HTML/wqframe.htm;web/Documents/WARoot/HTML/wqframe.htm
Documents/WARoot/HTML/wqlogon.htm;web/Documents/WARoot/HTML/wqlogon.htm
Documents/WARoot/HTML/wqlogonmain.htm;web/Documents/WARoot/HTML/wqlogonmain.htm
Documents/WARoot/HTML/wqlogonmenu.htm;web/Documents/WARoot/HTML/wqlogonmenu.htm
Documents/WARoot/HTML/wqparamquery.htm;web/Documents/WARoot/HTML/wqparamquery.htm
Documents/WARoot/HTML/wqresulttemplate.htm;web/Documents/WARoot/HTML/wqresulttemplate.htm
Documents/WARoot/HTML/wqsql.htm;web/Documents/WARoot/HTML/wqsql.htm
Documents/WARoot/HTML/wqtreebuttons.htm;web/Documents/WARoot/HTML/wqtreebuttons.htm
Documents/WARoot/Images/1x1.gif;web/Documents/WARoot/Images/1x1.gif
Documents/WARoot/Images/LMDemo.gif;web/Documents/WARoot/Images/LMDemo.gif
Documents/WARoot/Images/LMDual.gif;web/Documents/WARoot/Images/LMDual.gif
Documents/WARoot/Images/LMDualDemo.gif;web/Documents/WARoot/Images/LMDualDemo.gif
Documents/WARoot/Images/LMSingle.gif;web/Documents/WARoot/Images/LMSingle.gif
Documents/WARoot/Images/WACorner.gif;web/Documents/WARoot/Images/WACorner.gif
Documents/WARoot/Images/WAHeader.png;web/Documents/WARoot/Images/WAHeader.png
Documents/WARoot/Images/WANav1.gif;web/Documents/WARoot/Images/WANav1.gif
Documents/WARoot/Images/WANav10.gif;web/Documents/WARoot/Images/WANav10.gif
Documents/WARoot/Images/WANav11.gif;web/Documents/WARoot/Images/WANav11.gif
Documents/WARoot/Images/WANav12.gif;web/Documents/WARoot/Images/WANav12.gif
Documents/WARoot/Images/WANav13.gif;web/Documents/WARoot/Images/WANav13.gif
Documents/WARoot/Images/WANav2.gif;web/Documents/WARoot/Images/WANav2.gif
Documents/WARoot/Images/WANav3.gif;web/Documents/WARoot/Images/WANav3.gif
Documents/WARoot/Images/WANav4.gif;web/Documents/WARoot/Images/WANav4.gif
Documents/WARoot/Images/WANav5.gif;web/Documents/WARoot/Images/WANav5.gif
Documents/WARoot/Images/WANav6.gif;web/Documents/WARoot/Images/WANav6.gif
Documents/WARoot/Images/WANav61.gif;web/Documents/WARoot/Images/WANav61.gif
Documents/WARoot/Images/WANav7.gif;web/Documents/WARoot/Images/WANav7.gif
Documents/WARoot/Images/WANav8.gif;web/Documents/WARoot/Images/WANav8.gif
Documents/WARoot/Images/WANav9.gif;web/Documents/WARoot/Images/WANav9.gif
Documents/WARoot/Images/arrowc.gif;web/Documents/WARoot/Images/arrowc.gif
Documents/WARoot/Images/arrowo.gif;web/Documents/WARoot/Images/arrowo.gif
Documents/WARoot/Images/b_arri.gif;web/Documents/WARoot/Images/b_arri.gif
Documents/WARoot/Images/ballgreen.gif;web/Documents/WARoot/Images/ballgreen.gif
Documents/WARoot/Images/ballgrey.gif;web/Documents/WARoot/Images/ballgrey.gif
Documents/WARoot/Images/ballred.gif;web/Documents/WARoot/Images/ballred.gif
Documents/WARoot/Images/ballyellow.gif;web/Documents/WARoot/Images/ballyellow.gif
Documents/WARoot/Images/bigcube.gif;web/Documents/WARoot/Images/bigcube.gif
Documents/WARoot/Images/bluebar.gif;web/Documents/WARoot/Images/bluebar.gif
Documents/WARoot/Images/brdl.gif;web/Documents/WARoot/Images/brdl.gif
Documents/WARoot/Images/brdr.gif;web/Documents/WARoot/Images/brdr.gif
Documents/WARoot/Images/btn6.gif;web/Documents/WARoot/Images/btn6.gif
Documents/WARoot/Images/btnb1.gif;web/Documents/WARoot/Images/btnb1.gif
Documents/WARoot/Images/btnb2.gif;web/Documents/WARoot/Images/btnb2.gif
Documents/WARoot/Images/btnb3.gif;web/Documents/WARoot/Images/btnb3.gif
Documents/WARoot/Images/btnb4.gif;web/Documents/WARoot/Images/btnb4.gif
Documents/WARoot/Images/btnb5.gif;web/Documents/WARoot/Images/btnb5.gif
Documents/WARoot/Images/btnl1.gif;web/Documents/WARoot/Images/btnl1.gif
Documents/WARoot/Images/btnl2.gif;web/Documents/WARoot/Images/btnl2.gif
Documents/WARoot/Images/btnl3.gif;web/Documents/WARoot/Images/btnl3.gif
Documents/WARoot/Images/btnl4.gif;web/Documents/WARoot/Images/btnl4.gif
Documents/WARoot/Images/btnl5.gif;web/Documents/WARoot/Images/btnl5.gif
Documents/WARoot/Images/btnr1.gif;web/Documents/WARoot/Images/btnr1.gif
Documents/WARoot/Images/btnr2.gif;web/Documents/WARoot/Images/btnr2.gif
Documents/WARoot/Images/btnr3.gif;web/Documents/WARoot/Images/btnr3.gif
Documents/WARoot/Images/btnr4.gif;web/Documents/WARoot/Images/btnr4.gif
Documents/WARoot/Images/btnr5.gif;web/Documents/WARoot/Images/btnr5.gif
Documents/WARoot/Images/cancel.gif;web/Documents/WARoot/Images/cancel.gif
Documents/WARoot/Images/cbempty.gif;web/Documents/WARoot/Images/cbempty.gif
Documents/WARoot/Images/cbmark.gif;web/Documents/WARoot/Images/cbmark.gif
Documents/WARoot/Images/closeall.gif;web/Documents/WARoot/Images/closeall.gif
Documents/WARoot/Images/cornergb.gif;web/Documents/WARoot/Images/cornergb.gif
Documents/WARoot/Images/dboltp0.gif;web/Documents/WARoot/Images/dboltp0.gif
Documents/WARoot/Images/dboltp1.gif;web/Documents/WARoot/Images/dboltp1.gif
Documents/WARoot/Images/dboltp2.gif;web/Documents/WARoot/Images/dboltp2.gif
Documents/WARoot/Images/dboltp3.gif;web/Documents/WARoot/Images/dboltp3.gif
Documents/WARoot/Images/dboltp4.gif;web/Documents/WARoot/Images/dboltp4.gif
Documents/WARoot/Images/delete.gif;web/Documents/WARoot/Images/delete.gif
Documents/WARoot/Images/edit.gif;web/Documents/WARoot/Images/edit.gif
Documents/WARoot/Images/info.gif;web/Documents/WARoot/Images/info.gif
Documents/WARoot/Images/ledg.gif;web/Documents/WARoot/Images/ledg.gif
Documents/WARoot/Images/ledi.gif;web/Documents/WARoot/Images/ledi.gif
Documents/WARoot/Images/ledr.gif;web/Documents/WARoot/Images/ledr.gif
Documents/WARoot/Images/ledy.gif;web/Documents/WARoot/Images/ledy.gif
Documents/WARoot/Images/msgcrit.gif;web/Documents/WARoot/Images/msgcrit.gif
Documents/WARoot/Images/msgerro.gif;web/Documents/WARoot/Images/msgerro.gif
Documents/WARoot/Images/msginfo.gif;web/Documents/WARoot/Images/msginfo.gif
Documents/WARoot/Images/msgques.gif;web/Documents/WARoot/Images/msgques.gif
Documents/WARoot/Images/msgwarn.gif;web/Documents/WARoot/Images/msgwarn.gif
Documents/WARoot/Images/ok.gif;web/Documents/WARoot/Images/ok.gif
Documents/WARoot/Images/openall.gif;web/Documents/WARoot/Images/openall.gif
Documents/WARoot/Images/rbempty.gif;web/Documents/WARoot/Images/rbempty.gif
Documents/WARoot/Images/rbmark.gif;web/Documents/WARoot/Images/rbmark.gif
Documents/WARoot/Images/refanim.gif;web/Documents/WARoot/Images/refanim.gif
Documents/WARoot/Images/refresh.gif;web/Documents/WARoot/Images/refresh.gif
Documents/WARoot/Images/sapdbleft.gif;web/Documents/WARoot/Images/sapdbleft.gif
Documents/WARoot/Images/sapdbleft_Bot.gif;web/Documents/WARoot/Images/sapdbleft_Bot.gif
Documents/WARoot/Images/sapdbleft_Top.gif;web/Documents/WARoot/Images/sapdbleft_Top.gif
Documents/WARoot/Images/sapdblogo.gif;web/Documents/WARoot/Images/sapdblogo.gif
Documents/WARoot/Images/sapdblogo2.gif;web/Documents/WARoot/Images/sapdblogo2.gif
Documents/WARoot/Images/tabbkoff.gif;web/Documents/WARoot/Images/tabbkoff.gif
Documents/WARoot/Images/tabbkon.gif;web/Documents/WARoot/Images/tabbkon.gif
Documents/WARoot/Images/tabfroff.gif;web/Documents/WARoot/Images/tabfroff.gif
Documents/WARoot/Images/tabfron.gif;web/Documents/WARoot/Images/tabfron.gif
Documents/WARoot/Images/taboff.gif;web/Documents/WARoot/Images/taboff.gif
Documents/WARoot/Images/taboffoff.gif;web/Documents/WARoot/Images/taboffoff.gif
Documents/WARoot/Images/taboffon.gif;web/Documents/WARoot/Images/taboffon.gif
Documents/WARoot/Images/tabon.gif;web/Documents/WARoot/Images/tabon.gif
Documents/WARoot/Images/tabonoff.gif;web/Documents/WARoot/Images/tabonoff.gif
Documents/WARoot/Images/tatami.gif;web/Documents/WARoot/Images/tatami.gif
Documents/WARoot/Images/transbar.gif;web/Documents/WARoot/Images/transbar.gif
Documents/WARoot/Images/wait.gif;web/Documents/WARoot/Images/wait.gif
Documents/WARoot/JavaScripts/DBMToolbox.js;/web/Documents/WARoot/JavaScripts/DBMToolbox.js
Documents/WARoot/JavaScripts/MyNavigation.js;/web/Documents/WARoot/JavaScripts/MyNavigation.js
Documents/WARoot/JavaScripts/Navigation.js;/web/Documents/WARoot/JavaScripts/Navigation.js
Documents/WARoot/JavaScripts/wqbutton.js;/web/Documents/WARoot/JavaScripts/wqbutton.js
Documents/WARoot/Styles/DBM.css;/web/Documents/WARoot/Styles/DBM.css
Documents/WARoot/Styles/ie4_mac.css;/web/Documents/WARoot/Styles/ie4_mac.css
Documents/WARoot/Styles/ie4_win.css;/web/Documents/WARoot/Styles/ie4_win.css
Documents/WARoot/Styles/ns4_mac.css;/web/Documents/WARoot/Styles/ns4_mac.css
Documents/WARoot/Styles/ns4_win.css;/web/Documents/WARoot/Styles/ns4_win.css
Documents/WARoot/Styles/sapdbweb.css;/web/Documents/WARoot/Styles/sapdbweb.css
Documents/index.html;/web/Documents/index.html
config/WebAgent74.ini;/web/config/WebAgent74.ini
config/mime.types;/web/config/mime.types
env/webdav.ins;/web/env/webdav.ins
lib/libdbfsapi.so;/web/lib/libdbfsapi.so
lib/lib64/libdbfsapi.so;/web/lib/lib64/libdbfsapi.so
#lib/libsqlcls.so;/web/lib/libsqlcls.so
#lib/lib64/libsqlcls.so;/web/lib/lib64/libsqlcls.so
lib/libsqlrte.so;/web/lib/libsqlrte-nouniqueid.so
lib/lib64/libsqlrte.so;/web/lib/lib64/libsqlrte-nouniqueid.so
lib/libsqlrte.so;/web/lib/libsqlrte.so
lib/lib64/libsqlrte.so;/web/lib/lib64/libsqlrte.so
#lib/libwahttp.so;/web/lib/libwahttp.so
#lib/lib64/libwahttp.so;/web/lib/lib64/libwahttp.so
lib/libwapi.so;/web/lib/libwapi.so
lib/lib64/libwapi.so;/web/lib/lib64/libwapi.so
lib/libwdvcapi.so;/web/lib/libwdvcapi.so
lib/lib64/libwdvcapi.so;/web/lib/lib64/libwdvcapi.so
lib/libwdvhandler.so;/web/lib/libwdvhandler.so
lib/lib64/libwdvhandler.so;/web/lib/lib64/libwdvhandler.so
lib/waecho.so;/web/lib/waecho.so
lib/lib64/waecho.so;/web/lib/lib64/waecho.so
lib/webdbm.so;/web/lib/webdbm.so
lib/lib64/webdbm.so;/web/lib/lib64/webdbm.so
lib/websql.so;/web/lib/websql.so
lib/lib64/websql.so;/web/lib/lib64/websql.so
pgm/wahttp;/web/pgm/wahttp
pgm/wahttp.conf;/web/pgm/wahttp.conf
